******************************************************************************
                  TI ARM Linker PC v20.2.7                     
******************************************************************************
>> Linked Sat May 23 04:06:05 2026

OUTPUT FILE NAME:   <sysconfig_cm.out>
ENTRY POINT SYMBOL: "_c_int00_noargs"  address: 200013f5


MEMORY CONFIGURATION

         name            origin    length      used     unused   attr    fill
----------------------  --------  ---------  --------  --------  ----  --------
  CMBANK0_SECTOR0       00200000   00004000  00000000  00004000  RWIX
  CMBANK0_SECTOR1       00204000   00004000  00000000  00004000  RWIX
  CMBANK0_SECTOR2       00208000   00004000  00000000  00004000  RWIX
  CMBANK0_SECTOR3       0020c000   00004000  00000000  00004000  RWIX
  CMBANK0_SECTOR4       00210000   00010000  00000000  00010000  RWIX
  CMBANK0_SECTOR5       00220000   00010000  00000000  00010000  RWIX
  CMBANK0_SECTOR6       00230000   00010000  00000000  00010000  RWIX
  CMBANK0_SECTOR7       00240000   00010000  00000000  00010000  RWIX
  CMBANK0_SECTOR8       00250000   00010000  00000000  00010000  RWIX
  CMBANK0_SECTOR9       00260000   00010000  00000000  00010000  RWIX
  CMBANK0_SECTOR10      00270000   00004000  00000000  00004000  RWIX
  CMBANK0_SECTOR11      00274000   00004000  00000000  00004000  RWIX
  CMBANK0_SECTOR12      00278000   00004000  00000000  00004000  RWIX
  CMBANK0_SECTOR13      0027c000   00004000  00000000  00004000  RWIX
  C1RAM                 1fffc000   00002000  00000206  00001dfa  RWIX
  C0RAM                 1fffe000   00002000  00000030  00001fd0  RWIX
  BOOT_RSVD             20000000   00000800  00000000  00000800  RWIX
  S0RAM_RESETISR        20000800   00000008  00000006  00000002  RWIX
  S0RAM                 20000808   000037f8  00000d10  00002ae8  RWIX
  S1RAM                 20004000   00004000  00000000  00004000  RWIX
  S2RAM                 20008000   00004000  00000000  00004000  RWIX
  S3RAM                 2000c000   00004000  00000054  00003fac  RWIX
  E0RAM                 20010000   00004000  00000000  00004000  RWIX
  CPU1TOCMMSGRAM0       20080000   00000800  00000000  00000800  RWIX
  CPU1TOCMMSGRAM1       20080800   00000800  00000000  00000800  RWIX
  CMTOCPU1MSGRAM0       20082000   00000800  00000000  00000800  RWIX
  CMTOCPU1MSGRAM1       20082800   00000800  00000000  00000800  RWIX
  CPU2TOCMMSGRAM0       20084000   00000800  00000000  00000800  RWIX
  CPU2TOCMMSGRAM1       20084800   00000800  00000000  00000800  RWIX
  CMTOCPU2MSGRAM0       20086000   00000800  00000000  00000800  RWIX
  CMTOCPU2MSGRAM1       20086800   00000800  00000000  00000800  RWIX


SEGMENT ALLOCATION MAP

run origin  load origin   length   init length attrs members
----------  ----------- ---------- ----------- ----- -------
1fffc000    1fffc000    00000200   00000000    rw-
  1fffc000    1fffc000    00000200   00000000    rw- .stack
1fffc200    1fffc200    00000006   00000006    r--
  1fffc200    1fffc200    00000006   00000006    r-- .const
1fffe000    1fffe000    00000030   00000030    r--
  1fffe000    1fffe000    00000030   00000030    r-- .cinit
20000800    20000800    00000d18   00000d18    r-x
  20000800    20000800    00000006   00000006    r-x .resetisr
  20000808    20000808    000003f8   000003f8    r-x .text.1
  20000c00    20000c00    00000140   00000140    r-- .vtable
  20000d40    20000d40    000007d8   000007d8    r-x .text.2
2000c000    2000c000    00000054   00000000    rw-
  2000c000    2000c000    00000040   00000000    rw- .bss
  2000c040    2000c040    00000014   00000000    rw- .data


SECTION ALLOCATION MAP

 output                                  attributes/
section   page    origin      length       input sections
--------  ----  ----------  ----------   ----------------
.const     0    1fffc200    00000006     
                  1fffc200    00000003     led_ex2_blinky_sysconfig_cm.obj (.const:.string:$P$T0$1)
                  1fffc203    00000003     led_ex2_blinky_sysconfig_cm.obj (.const:.string:$P$T1$2)

.resetisr 
*          0    20000800    00000006     
                  20000800    00000006     startup_cm.obj (.resetisr:retain)

.vtable    0    20000c00    00000140     
                  20000c00    00000140     startup_cm.obj (.vtable:retain)

.cinit     0    1fffe000    00000030     
                  1fffe000    0000000c     (__TI_handler_table)
                  1fffe00c    0000000b     (.cinit..data.load) [load image, compression = lzss]
                  1fffe017    00000001     --HOLE-- [fill = 0]
                  1fffe018    00000008     (.cinit..bss.load) [load image, compression = zero_init]
                  1fffe020    00000010     (__TI_cinit_table)

.stack     0    1fffc000    00000200     UNINITIALIZED
                  1fffc000    00000004     rtsv7M4_T_le_v4SPD16_eabi.lib : boot_cortex_m.c.obj (.stack)
                  1fffc004    000001fc     --HOLE--

.bss       0    2000c000    00000040     UNINITIALIZED
                  2000c000    00000040     (.common:tx_uds_payload)

.data      0    2000c040    00000014     UNINITIALIZED
                  2000c040    00000014     led_ex2_blinky_sysconfig_cm.obj (.data)

__llvm_prf_cnts 
*          0    2000c000    00000000     UNINITIALIZED

.text.1    0    20000808    000003f8     
                  20000808    00000138     driverlib_cm.lib : mcan.obj (.text:MCAN_init)
                  20000940    00000124                      : mcan.obj (.text:MCAN_setBitTime)
                  20000a64    00000114                      : mcan.obj (.text:MCAN_config)
                  20000b78    00000070                      : sysctl.obj (.text:SysCtl_resetPeripheral)
                  20000be8    00000018                      : mcan.obj (.text:MCAN_writeProtectedRegAccessLock)

.text.2    0    20000d40    000007d8     
                  20000d40    00000430     led_ex2_blinky_sysconfig_cm.obj (.text)
                  20001170    000000c0     device_cm.obj (.text)
                  20001230    0000009c     rtsv7M4_T_le_v4SPD16_eabi.lib : memcpy_t2.asm.obj (.text)
                  200012cc    00000068                                   : copy_decompress_lzss.c.obj (.text:decompress:lzss:__TI_decompress_lzss)
                  20001334    00000048     driverlib_cm.lib : sysctl.obj (.text:SysCtl_enablePeripheral)
                  2000137c    00000044     rtsv7M4_T_le_v4SPD16_eabi.lib : autoinit.c.obj (.text:__TI_auto_init_nobinit_nopinit:__TI_auto_init_nobinit_nopinit)
                  200013c0    00000034     driverlib_cm.lib : mcan.obj (.text:HW_WR_FIELD32_RAW)
                  200013f4    00000034     rtsv7M4_T_le_v4SPD16_eabi.lib : boot_cortex_m.c.obj (.text:_c_int00_noargs:_c_int00_noargs)
                  20001428    0000002a     driverlib_cm.lib : mcan.obj (.text:MCAN_isMemInitDone)
                  20001452    00000022                      : mcan.obj (.text:HW_RD_FIELD32_RAW)
                  20001474    0000001c     rtsv7M4_T_le_v4SPD16_eabi.lib : copy_zero_init.c.obj (.text:decompress:ZI:__TI_zero_init_nomemset:__TI_zero_init_nomemset)
                  20001490    0000001a     driverlib_cm.lib : mcan.obj (.text:MCAN_setOpMode)
                  200014aa    00000018                      : mcan.obj (.text:MCAN_writeProtectedRegAccessUnlock)
                  200014c2    00000016                      : mcan.obj (.text:MCAN_getOpMode)
                  200014d8    00000012                      : mcan.obj (.text:HW_RD_REG32_RAW)
                  200014ea    00000012                      : mcan.obj (.text:HW_WR_REG32_RAW)
                  200014fc    0000000e     rtsv7M4_T_le_v4SPD16_eabi.lib : copy_decompress_none.c.obj (.text:decompress:none:__TI_decompress_none)
                  2000150a    00000006     startup_cm.obj (.text)
                  20001510    00000004     rtsv7M4_T_le_v4SPD16_eabi.lib : pre_init.c.obj (.text:_system_pre_init)
                  20001514    00000004                                   : exit.c.obj (.text:abort:abort)

MODULE SUMMARY

       Module                            code   ro data   rw data
       ------                            ----   -------   -------
    <current directory>
       led_ex2_blinky_sysconfig_cm.obj   1072   6         84     
       startup_cm.obj                    12     320       0      
       device_cm.obj                     192    0         0      
    +--+---------------------------------+------+---------+---------+
       Total:                            1276   326       84     
                                                                 
    C:/ti/c2000/C2000Ware_5_01_00_00/driverlib/f2838x/driverlib_cm/ccs/Debug/driverlib_cm.lib
       mcan.obj                          1140   0         0      
       sysctl.obj                        184    0         0      
    +--+---------------------------------+------+---------+---------+
       Total:                            1324   0         0      
                                                                 
    C:\ti\ccs1281\ccs\tools\compiler\ti-cgt-arm_20.2.7.LTS\lib\rtsv7M4_T_le_v4SPD16_eabi.lib
       memcpy_t2.asm.obj                 156    0         0      
       copy_decompress_lzss.c.obj        104    0         0      
       autoinit.c.obj                    68     0         0      
       boot_cortex_m.c.obj               52     0         0      
       copy_zero_init.c.obj              28     0         0      
       copy_decompress_none.c.obj        14     0         0      
       exit.c.obj                        4      0         0      
       pre_init.c.obj                    4      0         0      
    +--+---------------------------------+------+---------+---------+
       Total:                            430    0         0      
                                                                 
       Stack:                            0      0         512    
       Linker Generated:                 0      47        0      
    +--+---------------------------------+------+---------+---------+
       Grand Total:                      3030   373       596    


LINKER GENERATED COPY TABLES

__TI_cinit_table @ 1fffe020 records: 2, size/record: 8, table size: 16
	.data: load addr=1fffe00c, load size=0000000b bytes, run addr=2000c040, run size=00000014 bytes, compression=lzss
	.bss: load addr=1fffe018, load size=00000008 bytes, run addr=2000c000, run size=00000040 bytes, compression=zero_init


LINKER GENERATED HANDLER TABLE

__TI_handler_table @ 1fffe000 records: 3, size/record: 4, table size: 12
	index: 0, handler: __TI_decompress_lzss
	index: 1, handler: __TI_decompress_none
	index: 2, handler: __TI_zero_init


GLOBAL SYMBOLS: SORTED ALPHABETICALLY BY Name 

address   name                          
-------   ----                          
20001515  C$$EXIT                       
2000119f  CM_enableAllPeripherals       
2000118d  CM_init                       
20000d41  Calculate_FNV1a_32            
20000f3f  ConfigureMCAN                 
20000a65  MCAN_config                   
200014c3  MCAN_getOpMode                
20000809  MCAN_init                     
20001429  MCAN_isMemInitDone            
20000941  MCAN_setBitTime               
20001491  MCAN_setOpMode                
20000d85  ProcessUDSMessage             
20001041  RunUDSSimulation              
20001335  SysCtl_enablePeripheral       
20000b79  SysCtl_resetPeripheral        
1fffc200  __STACK_END                   
00000200  __STACK_SIZE                  
1fffe020  __TI_CINIT_Base               
1fffe030  __TI_CINIT_Limit              
1fffe000  __TI_Handler_Table_Base       
1fffe00c  __TI_Handler_Table_Limit      
2000137d  __TI_auto_init_nobinit_nopinit
200012cd  __TI_decompress_lzss          
200014fd  __TI_decompress_none          
ffffffff  __TI_pprof_out_hndl           
ffffffff  __TI_prof_data_size           
ffffffff  __TI_prof_data_start          
1fffe000  __TI_static_base__            
20001475  __TI_zero_init_nomemset       
20001231  __aeabi_memcpy                
20001231  __aeabi_memcpy4               
20001231  __aeabi_memcpy8               
ffffffff  __binit__                     
ffffffff  __c_args__                    
20001215  __error__                     
UNDEFED   __mpu_init                    
1fffc000  __stack                       
2000c000  __start___llvm_prf_cnts       
2000c000  __stop___llvm_prf_cnts        
200013f5  _c_int00_noargs               
UNDEFED   _system_post_cinit            
20001511  _system_pre_init              
20001515  abort                         
ffffffff  binit                         
20001133  main                          
20001231  memcpy                        
2000c04c  tx_uds_length                 
2000c000  tx_uds_payload                
2000c048  uds_expected_key              
2000c040  uds_security_state            
2000c044  uds_seed                      
2000c050  uds_simulation_success        
20000c00  vectorTableRAM                


GLOBAL SYMBOLS: SORTED BY Symbol Address 

address   name                          
-------   ----                          
00000200  __STACK_SIZE                  
1fffc000  __stack                       
1fffc200  __STACK_END                   
1fffe000  __TI_Handler_Table_Base       
1fffe000  __TI_static_base__            
1fffe00c  __TI_Handler_Table_Limit      
1fffe020  __TI_CINIT_Base               
1fffe030  __TI_CINIT_Limit              
20000809  MCAN_init                     
20000941  MCAN_setBitTime               
20000a65  MCAN_config                   
20000b79  SysCtl_resetPeripheral        
20000c00  vectorTableRAM                
20000d41  Calculate_FNV1a_32            
20000d85  ProcessUDSMessage             
20000f3f  ConfigureMCAN                 
20001041  RunUDSSimulation              
20001133  main                          
2000118d  CM_init                       
2000119f  CM_enableAllPeripherals       
20001215  __error__                     
20001231  __aeabi_memcpy                
20001231  __aeabi_memcpy4               
20001231  __aeabi_memcpy8               
20001231  memcpy                        
200012cd  __TI_decompress_lzss          
20001335  SysCtl_enablePeripheral       
2000137d  __TI_auto_init_nobinit_nopinit
200013f5  _c_int00_noargs               
20001429  MCAN_isMemInitDone            
20001475  __TI_zero_init_nomemset       
20001491  MCAN_setOpMode                
200014c3  MCAN_getOpMode                
200014fd  __TI_decompress_none          
20001511  _system_pre_init              
20001515  C$$EXIT                       
20001515  abort                         
2000c000  __start___llvm_prf_cnts       
2000c000  __stop___llvm_prf_cnts        
2000c000  tx_uds_payload                
2000c040  uds_security_state            
2000c044  uds_seed                      
2000c048  uds_expected_key              
2000c04c  tx_uds_length                 
2000c050  uds_simulation_success        
ffffffff  __TI_pprof_out_hndl           
ffffffff  __TI_prof_data_size           
ffffffff  __TI_prof_data_start          
ffffffff  __binit__                     
ffffffff  __c_args__                    
ffffffff  binit                         
UNDEFED   __mpu_init                    
UNDEFED   _system_post_cinit            

[53 symbols]
