******************************************************************************
             TMS320C2000 Linker PC v22.6.1                     
******************************************************************************
>> Linked Thu May 21 22:42:31 2026

OUTPUT FILE NAME:   <sysconfig_cpu1.out>
ENTRY POINT SYMBOL: "code_start"  address: 00000000


MEMORY CONFIGURATION

         name            origin    length      used     unused   attr    fill
----------------------  --------  ---------  --------  --------  ----  --------
  BEGIN                 00000000   00000002  00000002  00000000  RWIX
  BOOT_RSVD             00000002   000001af  00000000  000001af  RWIX
  RAMM0                 000001b1   0000024f  00000016  00000239  RWIX
  RAMM1                 00000400   000003f8  000003f8  00000000  RWIX
  RAMLS0                00008000   00000800  00000122  000006de  RWIX
  RAMLS1                00008800   00000800  00000000  00000800  RWIX
  RAMLS2                00009000   00000800  00000000  00000800  RWIX
  RAMLS3                00009800   00000800  00000000  00000800  RWIX
  RAMLS4                0000a000   00000800  00000000  00000800  RWIX
  RAMLS5                0000a800   00000800  000002ad  00000553  RWIX
  RAMLS6                0000b000   00000800  00000000  00000800  RWIX
  RAMLS7                0000b800   00000800  00000000  00000800  RWIX
  RAMD0                 0000c000   00000800  00000800  00000000  RWIX
  RAMD1                 0000c800   00000800  00000800  00000000  RWIX
  RAMGS0                0000d000   00001000  00000000  00001000  RWIX
  RAMGS1                0000e000   00001000  00000000  00001000  RWIX
  RAMGS2                0000f000   00001000  00000000  00001000  RWIX
  RAMGS3                00010000   00001000  00000000  00001000  RWIX
  RAMGS4                00011000   00001000  00000000  00001000  RWIX
  RAMGS5                00012000   00001000  00000000  00001000  RWIX
  RAMGS6                00013000   00001000  00000000  00001000  RWIX
  RAMGS7                00014000   00001000  00000000  00001000  RWIX
  RAMGS8                00015000   00001000  00000000  00001000  RWIX
  RAMGS9                00016000   00001000  00000000  00001000  RWIX
  RAMGS10               00017000   00001000  00000000  00001000  RWIX
  RAMGS11               00018000   00001000  00000000  00001000  RWIX
  RAMGS12               00019000   00001000  00000000  00001000  RWIX
  RAMGS13               0001a000   00001000  00000000  00001000  RWIX
  RAMGS14               0001b000   00001000  00000000  00001000  RWIX
  RAMGS15               0001c000   00000ff8  00000000  00000ff8  RWIX
  CMTOCPURAM            00038000   00000800  00000088  00000778  RWIX
  CPUTOCMRAM            00039000   00000800  00000088  00000778  RWIX
  CPU1TOCPU2RAM         0003a000   00000800  00000088  00000778  RWIX
  CPU2TOCPU1RAM         0003b000   00000800  00000088  00000778  RWIX
  CANA_MSG_RAM          00049000   00000800  00000000  00000800  RWIX
  CANB_MSG_RAM          0004b000   00000800  00000000  00000800  RWIX
  FLASH0                00080000   00002000  00000000  00002000  RWIX
  FLASH1                00082000   00002000  00000000  00002000  RWIX
  FLASH2                00084000   00002000  00000000  00002000  RWIX
  FLASH3                00086000   00002000  00000000  00002000  RWIX
  FLASH4                00088000   00008000  00000000  00008000  RWIX
  FLASH5                00090000   00008000  00000000  00008000  RWIX
  FLASH6                00098000   00008000  00000000  00008000  RWIX
  FLASH7                000a0000   00008000  00000000  00008000  RWIX
  FLASH8                000a8000   00008000  00000000  00008000  RWIX
  FLASH9                000b0000   00008000  00000000  00008000  RWIX
  FLASH10               000b8000   00002000  00000000  00002000  RWIX
  FLASH11               000ba000   00002000  00000000  00002000  RWIX
  FLASH12               000bc000   00002000  00000000  00002000  RWIX
  FLASH13               000be000   00002000  00000000  00002000  RWIX
  RESET                 003fffc0   00000002  00000000  00000002  RWIX


SECTION ALLOCATION MAP

 output                                  attributes/
section   page    origin      length       input sections
--------  ----  ----------  ----------   ----------------
codestart 
*          0    00000000    00000002     
                  00000000    00000002     F2838x_CodeStartBranch.obj (codestart)

.cinit     0    000001b6    00000012     
                  000001b6    0000000a     (.cinit..data.load) [load image, compression = lzss]
                  000001c0    00000004     (__TI_handler_table)
                  000001c4    00000004     (__TI_cinit_table)

.reset     0    003fffc0    00000000     DSECT

.stack     0    00000400    000003f8     UNINITIALIZED
                  00000400    000003f8     --HOLE--

.init_array 
*          0    000001b1    00000000     UNINITIALIZED

.data      0    0000a800    0000000c     UNINITIALIZED
                  0000a800    00000006     rts2800_fpu64_eabi.lib : exit.c.obj (.data)
                  0000a806    00000002                            : _lock.c.obj (.data:_lock)
                  0000a808    00000002                            : _lock.c.obj (.data:_unlock)
                  0000a80a    00000002     led_ex2_blinky_sysconfig_cpu1.obj (.data)

.const     0    0000a80c    000002a1     
                  0000a80c    00000097     driverlib.lib : gpio.obj (.const:.string)
                  0000a8a3    00000001     --HOLE-- [fill = 0]
                  0000a8a4    00000097                   : sysctl.obj (.const:.string)
                  0000a93b    00000001     --HOLE-- [fill = 0]
                  0000a93c    00000094                   : dcc.obj (.const:.string)
                  0000a9d0    00000088                   : ipc.obj (.const:IPC_Instance)
                  0000aa58    00000055     device.obj (.const:.string)

MSGRAM_CM_TO_CPU 
*          0    00038000    00000088     UNINITIALIZED
                  00038000    00000088     driverlib.lib : ipc.obj (MSGRAM_CM_TO_CPU)

MSGRAM_CPU_TO_CM 
*          0    00039000    00000088     UNINITIALIZED
                  00039000    00000088     driverlib.lib : ipc.obj (MSGRAM_CPU_TO_CM)

MSGRAM_CPU1_TO_CPU2 
*          0    0003a000    00000088     UNINITIALIZED
                  0003a000    00000088     driverlib.lib : ipc.obj (MSGRAM_CPU1_TO_CPU2)

MSGRAM_CPU2_TO_CPU1 
*          0    0003b000    00000088     UNINITIALIZED
                  0003b000    00000088     driverlib.lib : ipc.obj (MSGRAM_CPU2_TO_CPU1)

.TI.ramfunc 
*          0    000001b1    00000004     
                  000001b1    00000004     driverlib.lib : sysctl.obj (.TI.ramfunc)

.text.1    0    00008000    00000122     
                  00008000    00000012     led_ex2_blinky_sysconfig_cpu1.obj (.text:IPC_waitForFlag)
                  00008012    00000011     device.obj (.text:Device_enableUnbondedGPIOPullups)
                  00008023    00000011     device.obj (.text:SysCtl_setCMClk)
                  00008034    0000000f     led_ex2_blinky_sysconfig_cpu1.obj (.text:IPC_ackFlagRtoL)
                  00008043    0000000f     device.obj (.text:IPC_setFlagLtoR)
                  00008052    0000000f     led_ex2_blinky_sysconfig_cpu1.obj (.text:IPC_setFlagLtoR)
                  00008061    0000000f     driverlib.lib : ipc.obj (.text:Interrupt_unregister)
                  00008070    0000000e                   : gpio.obj (.text:GPIO_isPinValid)
                  0000807e    0000000d                   : interrupt.obj (.text:Interrupt_disableGlobal)
                  0000808b    0000000d     device.obj (.text:SysCtl_setLowSpeedClock)
                  00008098    0000000c     driverlib.lib : sysctl.obj (.text:SysCtl_setPLLSysClk)
                  000080a4    0000000c     rts2800_fpu64_eabi.lib : args_main.c.obj (.text)
                  000080b0    0000000b     board.obj (.text:PinMux_init)
                  000080bb    0000000b     device.obj (.text:SysCtl_isCPU2Reset)
                  000080c6    0000000b     driverlib.lib : sysctl.obj (.text:SysCtl_isMCDClockFailureDetected)
                  000080d1    0000000a                   : interrupt.obj (.text:Interrupt_illegalOperationHandler)
                  000080db    0000000a                   : interrupt.obj (.text:Interrupt_nmiHandler)
                  000080e5    00000009     board.obj (.text:Board_init)
                  000080ee    00000009     rts2800_fpu64_eabi.lib : _lock.c.obj (.text)
                  000080f7    00000008     F2838x_CodeStartBranch.obj (.text)
                  000080ff    00000008     device.obj (.text:SysCtl_disableWatchdog)
                  00008107    00000008     rts2800_fpu64_eabi.lib : copy_decompress_none.c.obj (.text:decompress:none)
                  0000810f    00000007     driverlib.lib : sysctl.obj (.text:SysCtl_resetMCD)
                  00008116    00000007     device.obj (.text:__error__)
                  0000811d    00000005     board.obj (.text:GPIO_init)

.text.2    0    0000c000    00000800     
                  0000c000    00000167     device.obj (.text:Device_enableAllPeripherals)
                  0000c167    00000132     driverlib.lib : sysctl.obj (.text:SysCtl_setClock)
                  0000c299    00000118                   : sysctl.obj (.text:SysCtl_isPLLValid)
                  0000c3b1    00000113                   : sysctl.obj (.text:SysCtl_setAuxClock)
                  0000c4c4    000000cb                   : dcc.obj (.text:DCC_verifyClockFrequency)
                  0000c58f    00000088     rts2800_fpu64_eabi.lib : fs_div28.asm.obj (.text)
                  0000c617    00000080     led_ex2_blinky_sysconfig_cpu1.obj (.text:main)
                  0000c697    00000073     driverlib.lib : dcc.obj (.text:DCC_setCounterSeeds)
                  0000c70a    00000073                   : sysctl.obj (.text:DCC_setCounterSeeds)
                  0000c77d    00000061                   : sysctl.obj (.text:SysCtl_getAuxClock)
                  0000c7de    00000021     device.obj (.text:Device_initGPIO)
                  0000c7ff    00000001     board.obj (.text:IPC_SYSCFG_init)

.text.3    0    0000c800    00000800     
                  0000c800    00000060     driverlib.lib : sysctl.obj (.text:SysCtl_getClock)
                  0000c860    0000005c     device.obj (.text:Device_init)
                  0000c8bc    00000055     driverlib.lib : sysctl.obj (.text:SysCtl_selectOscSourceAuxPLL)
                  0000c911    00000052                   : gpio.obj (.text:GPIO_setPadConfig)
                  0000c963    00000049                   : sysctl.obj (.text:SysCtl_pollX1Counter)
                  0000c9ac    00000042                   : sysctl.obj (.text:SysCtl_selectOscSource)
                  0000c9ee    0000003d                   : interrupt.obj (.text:Interrupt_initModule)
                  0000ca2b    00000037                   : gpio.obj (.text:GPIO_setControllerCore)
                  0000ca62    00000037                   : gpio.obj (.text:GPIO_setPinConfig)
                  0000ca99    00000037                   : gpio.obj (.text:GPIO_setQualificationMode)
                  0000cad0    00000036                   : sysctl.obj (.text:SysCtl_selectXTAL)
                  0000cb06    00000031                   : gpio.obj (.text:GPIO_setDirectionMode)
                  0000cb37    00000030     rts2800_fpu64_eabi.lib : copy_decompress_lzss.c.obj (.text:decompress:lzss)
                  0000cb67    0000002b                            : autoinit.c.obj (.text:__TI_auto_init_nobinit_nopinit)
                  0000cb92    00000029                            : exit.c.obj (.text)
                  0000cbbb    00000028     led_ex2_blinky_sysconfig_cpu1.obj (.text:SysCtl_selectCPUForPeripheralInstance)
                  0000cbe3    00000024     driverlib.lib : dcc.obj (.text:DCC_enableSingleShotMode)
                  0000cc07    00000024                   : sysctl.obj (.text:DCC_enableSingleShotMode)
                  0000cc2b    00000021                   : sysctl.obj (.text:SysCtl_controlCPU2Reset)
                  0000cc4c    00000020                   : sysctl.obj (.text:SysCtl_selectXTALSingleEnded)
                  0000cc6c    0000001e                   : dcc.obj (.text:DCC_setCounter0ClkSource)
                  0000cc8a    0000001e                   : sysctl.obj (.text:DCC_setCounter0ClkSource)
                  0000cca8    0000001e                   : dcc.obj (.text:DCC_setCounter1ClkSource)
                  0000ccc6    0000001e                   : sysctl.obj (.text:DCC_setCounter1ClkSource)
                  0000cce4    0000001e     device.obj (.text:Device_verifyXTAL)
                  0000cd02    0000001e     driverlib.lib : interrupt.obj (.text:Interrupt_initVectorTable)
                  0000cd20    0000001d     rts2800_fpu64_eabi.lib : memcpy.c.obj (.text)
                  0000cd3d    0000001c     driverlib.lib : dcc.obj (.text:DCC_getErrorStatus)
                  0000cd59    0000001c                   : dcc.obj (.text:DCC_getSingleShotStatus)
                  0000cd75    0000001a                   : dcc.obj (.text:DCC_isBaseValid)
                  0000cd8f    0000001a                   : sysctl.obj (.text:DCC_isBaseValid)
                  0000cda9    0000001a                   : sysctl.obj (.text:SysCtl_getLowSpeedClock)
                  0000cdc3    00000019     device.obj (.text:IPC_setBootMode)
                  0000cddc    00000019     rts2800_fpu64_eabi.lib : boot28.asm.obj (.text)
                  0000cdf5    00000017     device.obj (.text:SysCtl_enablePeripheral)
                  0000ce0c    00000017     driverlib.lib : sysctl.obj (.text:SysCtl_enablePeripheral)
                  0000ce23    00000016                   : dcc.obj (.text:DCC_disableDoneSignal)
                  0000ce39    00000016                   : sysctl.obj (.text:DCC_disableDoneSignal)
                  0000ce4f    00000016                   : dcc.obj (.text:DCC_enableDoneSignal)
                  0000ce65    00000016     device.obj (.text:Device_bootCPU2)
                  0000ce7b    00000016     driverlib.lib : interrupt.obj (.text:Interrupt_defaultHandler)
                  0000ce91    00000015                   : dcc.obj (.text:DCC_clearDoneFlag)
                  0000cea6    00000015                   : sysctl.obj (.text:DCC_clearDoneFlag)
                  0000cebb    00000015                   : dcc.obj (.text:DCC_clearErrorFlag)
                  0000ced0    00000015                   : sysctl.obj (.text:DCC_clearErrorFlag)
                  0000cee5    00000015                   : dcc.obj (.text:DCC_disableErrorSignal)
                  0000cefa    00000015                   : sysctl.obj (.text:DCC_disableErrorSignal)
                  0000cf0f    00000015     device.obj (.text:GPIO_unlockPortConfig)
                  0000cf24    00000014     board.obj (.text:CPU2_LED_init)
                  0000cf38    00000014     driverlib.lib : dcc.obj (.text:DCC_disableModule)
                  0000cf4c    00000014                   : sysctl.obj (.text:DCC_disableModule)
                  0000cf60    00000014                   : dcc.obj (.text:DCC_enableErrorSignal)
                  0000cf74    00000014                   : dcc.obj (.text:DCC_enableModule)
                  0000cf88    00000014                   : sysctl.obj (.text:DCC_enableModule)
                  0000cf9c    00000014     led_ex2_blinky_sysconfig_cpu1.obj (.text:IPC_waitForAck)
                  0000cfb0    00000014     device.obj (.text:SysCtl_deviceCal)
                  0000cfc4    00000013     board.obj (.text:CPU1_LED_init)
                  0000cfd7    00000013     device.obj (.text:Device_enableUnbondedGPIOPullupsFor176Pin)
                  0000cfea    00000013     led_ex2_blinky_sysconfig_cpu1.obj (.text:IPC_sync)
                  0000cffd    00000002     rts2800_fpu64_eabi.lib : pre_init.c.obj (.text)
                  0000cfff    00000001                            : startup.c.obj (.text)

MODULE SUMMARY

       Module                              code   ro data   rw data
       ------                              ----   -------   -------
    .\
       led_ex2_blinky_sysconfig_cpu1.obj   255    0         2      
    +--+-----------------------------------+------+---------+---------+
       Total:                              255    0         2      
                                                                   
    .\device\
       device.obj                          732    85        0      
       F2838x_CodeStartBranch.obj          10     0         0      
    +--+-----------------------------------+------+---------+---------+
       Total:                              742    85        0      
                                                                   
    .\syscfg\
       board.obj                           65     0         0      
    +--+-----------------------------------+------+---------+---------+
       Total:                              65     0         0      
                                                                   
    C:/ti/c2000/C2000Ware_5_01_00_00/driverlib/f2838x/driverlib/ccs/Debug/driverlib.lib
       sysctl.obj                          1842   151       0      
       dcc.obj                             663    148       0      
       ipc.obj                             15     136       544    
       gpio.obj                            310    151       0      
       interrupt.obj                       146    0         0      
    +--+-----------------------------------+------+---------+---------+
       Total:                              2976   586       544    
                                                                   
    C:\ti\ccs1281\ccs\tools\compiler\ti-cgt-c2000_22.6.1.LTS\lib\rts2800_fpu64_eabi.lib
       fs_div28.asm.obj                    136    0         0      
       copy_decompress_lzss.c.obj          48     0         0      
       exit.c.obj                          41     0         6      
       autoinit.c.obj                      43     0         0      
       memcpy.c.obj                        29     0         0      
       boot28.asm.obj                      25     0         0      
       _lock.c.obj                         9      0         4      
       args_main.c.obj                     12     0         0      
       copy_decompress_none.c.obj          8      0         0      
       pre_init.c.obj                      2      0         0      
       startup.c.obj                       1      0         0      
    +--+-----------------------------------+------+---------+---------+
       Total:                              354    0         10     
                                                                   
       Stack:                              0      0         1016   
       Linker Generated:                   0      18        0      
    +--+-----------------------------------+------+---------+---------+
       Grand Total:                        4392   689       1572   


LINKER GENERATED COPY TABLES

__TI_cinit_table @ 000001c4 records: 1, size/record: 4, table size: 4
	.data: load addr=000001b6, load size=0000000a bytes, run addr=0000a800, run size=0000000c bytes, compression=lzss


LINKER GENERATED HANDLER TABLE

__TI_handler_table @ 000001c0 records: 2, size/record: 2, table size: 4
	index: 0, handler: __TI_decompress_lzss
	index: 1, handler: __TI_decompress_none


GLOBAL DATA SYMBOLS: SORTED BY DATA PAGE

address     data page           name
--------    ----------------    ----
00000400      10 (00000400)     __stack

0000a800     2a0 (0000a800)     __TI_enable_exit_profile_output
0000a802     2a0 (0000a800)     __TI_cleanup_ptr
0000a804     2a0 (0000a800)     __TI_dtors_ptr
0000a806     2a0 (0000a800)     _lock
0000a808     2a0 (0000a800)     _unlock

0000a9d0     2a7 (0000a9c0)     IPC_Instance

00038000     e00 (00038000)     IPC_CPU_To_CM_GetBuffer

00039000     e40 (00039000)     IPC_CPU_To_CM_PutBuffer

0003a000     e80 (0003a000)     IPC_CPU1_To_CPU2_PutBuffer

0003b000     ec0 (0003b000)     IPC_CPU1_To_CPU2_GetBuffer


GLOBAL SYMBOLS: SORTED ALPHABETICALLY BY Name 

page  address   name                                     
----  -------   ----                                     
0     000080e5  Board_init                               
0     0000cb92  C$$EXIT                                  
0     0000cfc4  CPU1_LED_init                            
0     0000cf24  CPU2_LED_init                            
0     0000c4c4  DCC_verifyClockFrequency                 
0     0000ce65  Device_bootCPU2                          
0     0000c000  Device_enableAllPeripherals              
0     00008012  Device_enableUnbondedGPIOPullups         
0     0000cfd7  Device_enableUnbondedGPIOPullupsFor176Pin
0     0000c860  Device_init                              
0     0000c7de  Device_initGPIO                          
0     0000cce4  Device_verifyXTAL                        
0     0000811d  GPIO_init                                
0     0000ca2b  GPIO_setControllerCore                   
0     0000cb06  GPIO_setDirectionMode                    
0     0000c911  GPIO_setPadConfig                        
0     0000ca62  GPIO_setPinConfig                        
0     0000ca99  GPIO_setQualificationMode                
0     0003b000  IPC_CPU1_To_CPU2_GetBuffer               
0     0003a000  IPC_CPU1_To_CPU2_PutBuffer               
0     00038000  IPC_CPU_To_CM_GetBuffer                  
0     00039000  IPC_CPU_To_CM_PutBuffer                  
0     0000a9d0  IPC_Instance                             
0     0000c7ff  IPC_SYSCFG_init                          
0     0000ce7b  Interrupt_defaultHandler                 
0     000080d1  Interrupt_illegalOperationHandler        
0     0000c9ee  Interrupt_initModule                     
0     0000cd02  Interrupt_initVectorTable                
0     000080db  Interrupt_nmiHandler                     
0     000080b0  PinMux_init                              
0     0000cc2b  SysCtl_controlCPU2Reset                  
0     000001b1  SysCtl_delay                             
0     0000c77d  SysCtl_getAuxClock                       
0     0000c800  SysCtl_getClock                          
0     0000cda9  SysCtl_getLowSpeedClock                  
0     0000c299  SysCtl_isPLLValid                        
0     0000c9ac  SysCtl_selectOscSource                   
0     0000c8bc  SysCtl_selectOscSourceAuxPLL             
0     0000cad0  SysCtl_selectXTAL                        
0     0000cc4c  SysCtl_selectXTALSingleEnded             
0     0000c3b1  SysCtl_setAuxClock                       
0     0000c167  SysCtl_setClock                          
0     000001c4  __TI_CINIT_Base                          
0     000001c8  __TI_CINIT_Limit                         
0     000001c8  __TI_CINIT_Warm                          
0     000001c0  __TI_Handler_Table_Base                  
0     000001c4  __TI_Handler_Table_Limit                 
0     000007f8  __TI_STACK_END                           
abs   000003f8  __TI_STACK_SIZE                          
0     0000cb67  __TI_auto_init_nobinit_nopinit           
0     0000a802  __TI_cleanup_ptr                         
0     0000cb37  __TI_decompress_lzss                     
0     00008107  __TI_decompress_none                     
0     0000a804  __TI_dtors_ptr                           
0     0000a800  __TI_enable_exit_profile_output          
abs   ffffffff  __TI_pprof_out_hndl                      
abs   ffffffff  __TI_prof_data_size                      
abs   ffffffff  __TI_prof_data_start                     
0     0000c58f  __c28xabi_divf                           
n/a   UNDEFED   __c_args__                               
0     00008116  __error__                                
0     00000400  __stack                                  
0     000080a4  _args_main                               
0     0000cddc  _c_int00                                 
0     0000a806  _lock                                    
0     000080f6  _nop                                     
0     000080f2  _register_lock                           
0     000080ee  _register_unlock                         
0     0000cfff  _system_post_cinit                       
0     0000cffd  _system_pre_init                         
0     0000a808  _unlock                                  
0     0000cb92  abort                                    
0     00000000  code_start                               
0     0000cb94  exit                                     
0     0000c617  main                                     
0     0000cd20  memcpy                                   


GLOBAL SYMBOLS: SORTED BY Symbol Address 

page  address   name                                     
----  -------   ----                                     
0     00000000  code_start                               
0     000001b1  SysCtl_delay                             
0     000001c0  __TI_Handler_Table_Base                  
0     000001c4  __TI_CINIT_Base                          
0     000001c4  __TI_Handler_Table_Limit                 
0     000001c8  __TI_CINIT_Limit                         
0     000001c8  __TI_CINIT_Warm                          
0     00000400  __stack                                  
0     000007f8  __TI_STACK_END                           
0     00008012  Device_enableUnbondedGPIOPullups         
0     000080a4  _args_main                               
0     000080b0  PinMux_init                              
0     000080d1  Interrupt_illegalOperationHandler        
0     000080db  Interrupt_nmiHandler                     
0     000080e5  Board_init                               
0     000080ee  _register_unlock                         
0     000080f2  _register_lock                           
0     000080f6  _nop                                     
0     00008107  __TI_decompress_none                     
0     00008116  __error__                                
0     0000811d  GPIO_init                                
0     0000a800  __TI_enable_exit_profile_output          
0     0000a802  __TI_cleanup_ptr                         
0     0000a804  __TI_dtors_ptr                           
0     0000a806  _lock                                    
0     0000a808  _unlock                                  
0     0000a9d0  IPC_Instance                             
0     0000c000  Device_enableAllPeripherals              
0     0000c167  SysCtl_setClock                          
0     0000c299  SysCtl_isPLLValid                        
0     0000c3b1  SysCtl_setAuxClock                       
0     0000c4c4  DCC_verifyClockFrequency                 
0     0000c58f  __c28xabi_divf                           
0     0000c617  main                                     
0     0000c77d  SysCtl_getAuxClock                       
0     0000c7de  Device_initGPIO                          
0     0000c7ff  IPC_SYSCFG_init                          
0     0000c800  SysCtl_getClock                          
0     0000c860  Device_init                              
0     0000c8bc  SysCtl_selectOscSourceAuxPLL             
0     0000c911  GPIO_setPadConfig                        
0     0000c9ac  SysCtl_selectOscSource                   
0     0000c9ee  Interrupt_initModule                     
0     0000ca2b  GPIO_setControllerCore                   
0     0000ca62  GPIO_setPinConfig                        
0     0000ca99  GPIO_setQualificationMode                
0     0000cad0  SysCtl_selectXTAL                        
0     0000cb06  GPIO_setDirectionMode                    
0     0000cb37  __TI_decompress_lzss                     
0     0000cb67  __TI_auto_init_nobinit_nopinit           
0     0000cb92  C$$EXIT                                  
0     0000cb92  abort                                    
0     0000cb94  exit                                     
0     0000cc2b  SysCtl_controlCPU2Reset                  
0     0000cc4c  SysCtl_selectXTALSingleEnded             
0     0000cce4  Device_verifyXTAL                        
0     0000cd02  Interrupt_initVectorTable                
0     0000cd20  memcpy                                   
0     0000cda9  SysCtl_getLowSpeedClock                  
0     0000cddc  _c_int00                                 
0     0000ce65  Device_bootCPU2                          
0     0000ce7b  Interrupt_defaultHandler                 
0     0000cf24  CPU2_LED_init                            
0     0000cfc4  CPU1_LED_init                            
0     0000cfd7  Device_enableUnbondedGPIOPullupsFor176Pin
0     0000cffd  _system_pre_init                         
0     0000cfff  _system_post_cinit                       
0     00038000  IPC_CPU_To_CM_GetBuffer                  
0     00039000  IPC_CPU_To_CM_PutBuffer                  
0     0003a000  IPC_CPU1_To_CPU2_PutBuffer               
0     0003b000  IPC_CPU1_To_CPU2_GetBuffer               
abs   000003f8  __TI_STACK_SIZE                          
abs   ffffffff  __TI_pprof_out_hndl                      
abs   ffffffff  __TI_prof_data_size                      
abs   ffffffff  __TI_prof_data_start                     
n/a   UNDEFED   __c_args__                               

[76 symbols]
