******************************************************************************
             TMS320C2000 Linker PC v22.6.1                     
******************************************************************************
>> Linked Sat May 23 04:55:58 2026

OUTPUT FILE NAME:   <sysconfig_cpu2.out>
ENTRY POINT SYMBOL: "code_start"  address: 00000000


MEMORY CONFIGURATION

         name            origin    length      used     unused   attr    fill
----------------------  --------  ---------  --------  --------  ----  --------
  BEGIN                 00000000   00000002  00000002  00000000  RWIX
  BOOT_RSVD             00000002   000001a7  00000000  000001a7  RWIX
  RAMM0                 000001a9   00000257  00000016  00000241  RWIX
  RAMM1                 00000400   000003f8  000003f8  00000000  RWIX
  RAMLS0                00008000   00000800  00000000  00000800  RWIX
  RAMLS1                00008800   00000800  00000000  00000800  RWIX
  RAMLS2                00009000   00000800  00000012  000007ee  RWIX
  RAMLS3                00009800   00000800  000000cb  00000735  RWIX
  RAMLS4                0000a000   00000800  00000000  00000800  RWIX
  RAMLS5                0000a800   00000800  00000000  00000800  RWIX
  RAMLS6                0000b000   00000800  00000000  00000800  RWIX
  RAMLS7                0000b800   00000800  00000000  00000800  RWIX
  RAMD0                 0000c000   00000800  00000492  0000036e  RWIX
  RAMD1                 0000c800   00000800  00000000  00000800  RWIX
  RAMGS0                0000d000   00001000  00000080  00000f80  RWIX
  RAMGS1                0000e000   00001000  00000080  00000f80  RWIX
  RAMGS2                0000f000   00001000  00000000  00001000  RWIX
  RAMGS3                00010000   00001000  00000000  00001000  RWIX
  RAMGS4                00011000   00001000  00000000  00001000  RWIX
  RAMGS5                00012000   00001000  00000000  00001000  RWIX
  RAMGS6                00013000   00001000  00000000  00001000  RWIX
  RAMGS7                00014000   00001000  00000000  00001000  RWIX
  RAMGS8                00015000   00001000  00000000  00001000  RWIX
  RAMGS9                00016000   00001000  00000000  00001000  RWIX
  RAMGS10               00017000   00001000  00000000  00001000  RWIX
  RAMGS11               00018000   00001000  00000000  00001000  RWIX
  RAMGS12               00019000   00001000  00000000  00001000  RWIX
  RAMGS13               0001a000   00001000  00000000  00001000  RWIX
  RAMGS14               0001b000   00001000  00000000  00001000  RWIX
  RAMGS15               0001c000   00000ff8  00000000  00000ff8  RWIX
  CMTOCPURAM            00038000   00000800  00000088  00000778  RWIX
  CPUTOCMRAM            00039000   00000800  00000088  00000778  RWIX
  CPU1TOCPU2RAM         0003a000   00000800  00000088  00000778  RWIX
  CPU2TOCPU1RAM         0003b000   00000800  00000088  00000778  RWIX
  CANA_MSG_RAM          00049000   00000800  00000000  00000800  RWIX
  CANB_MSG_RAM          0004b000   00000800  00000000  00000800  RWIX
  FLASH0                00080000   00002000  00000000  00002000  RWIX
  FLASH1                00082000   00002000  00000000  00002000  RWIX
  FLASH2                00084000   00002000  00000000  00002000  RWIX
  FLASH3                00086000   00002000  00000000  00002000  RWIX
  FLASH4                00088000   00008000  00000000  00008000  RWIX
  FLASH5                00090000   00008000  00000000  00008000  RWIX
  FLASH6                00098000   00008000  00000000  00008000  RWIX
  FLASH7                000a0000   00008000  00000000  00008000  RWIX
  FLASH8                000a8000   00008000  00000000  00008000  RWIX
  FLASH9                000b0000   00008000  00000000  00008000  RWIX
  FLASH10               000b8000   00002000  00000000  00002000  RWIX
  FLASH11               000ba000   00002000  00000000  00002000  RWIX
  FLASH12               000bc000   00002000  00000000  00002000  RWIX
  FLASH13               000be000   00002000  00000000  00002000  RWIX
  RESET                 003fffc0   00000002  00000000  00000002  RWIX


SECTION ALLOCATION MAP

 output                                  attributes/
section   page    origin      length       input sections
--------  ----  ----------  ----------   ----------------
codestart 
*          0    00000000    00000002     
                  00000000    00000002     F2838x_CodeStartBranch.obj (codestart)

.cinit     0    000001ae    00000012     
                  000001ae    00000009     (.cinit..data.load) [load image, compression = lzss]
                  000001b7    00000001     --HOLE-- [fill = 0]
                  000001b8    00000004     (__TI_handler_table)
                  000001bc    00000004     (__TI_cinit_table)

.reset     0    003fffc0    00000000     DSECT

.stack     0    00000400    000003f8     UNINITIALIZED
                  00000400    000003f8     --HOLE--

.init_array 
*          0    000001a9    00000000     UNINITIALIZED

.data      0    00009000    00000012     UNINITIALIZED
                  00009000    00000008     led_ex2_blinky_sysconfig_cpu2.obj (.data)
                  00009008    00000006     rts2800_fpu64_eabi.lib : exit.c.obj (.data)
                  0000900e    00000002                            : _lock.c.obj (.data:_lock)
                  00009010    00000002                            : _lock.c.obj (.data:_unlock)

.const     0    00009800    000000cb     
                  00009800    00000088     driverlib.lib : ipc.obj (.const:IPC_Instance)
                  00009888    00000043     led_ex2_blinky_sysconfig_cpu2.obj (.const:.string)

ramgs0     0    0000d000    00000080     UNINITIALIZED
                  0000d000    00000080     led_ex2_blinky_sysconfig_cpu2.obj (ramgs0)

ramgs1     0    0000e000    00000080     UNINITIALIZED
                  0000e000    00000080     led_ex2_blinky_sysconfig_cpu2.obj (ramgs1)

MSGRAM_CM_TO_CPU 
*          0    00038000    00000088     UNINITIALIZED
                  00038000    00000088     driverlib.lib : ipc.obj (MSGRAM_CM_TO_CPU)

MSGRAM_CPU_TO_CM 
*          0    00039000    00000088     UNINITIALIZED
                  00039000    00000088     driverlib.lib : ipc.obj (MSGRAM_CPU_TO_CM)

MSGRAM_CPU1_TO_CPU2 
*          0    0003a000    00000088     UNINITIALIZED
                  0003a000    00000088     driverlib.lib : ipc.obj (MSGRAM_CPU1_TO_CPU2)

MSGRAM_CPU2_TO_CPU1 
*          0    0003b000    00000088     UNINITIALIZED
                  0003b000    00000088     driverlib.lib : ipc.obj (MSGRAM_CPU2_TO_CPU1)

.TI.ramfunc 
*          0    000001a9    00000004     
                  000001a9    00000004     driverlib.lib : sysctl.obj (.TI.ramfunc)

.text      0    0000c000    00000492     
                  0000c000    00000146     device.obj (.text:Device_enableAllPeripherals)
                  0000c146    0000009c     led_ex2_blinky_sysconfig_cpu2.obj (.text:main)
                  0000c1e2    0000003d     driverlib.lib : interrupt.obj (.text:Interrupt_initModule)
                  0000c21f    0000003b     led_ex2_blinky_sysconfig_cpu2.obj (.text:GPIO_togglePin)
                  0000c25a    00000030     rts2800_fpu64_eabi.lib : copy_decompress_lzss.c.obj (.text:decompress:lzss)
                  0000c28a    0000002b                            : autoinit.c.obj (.text:__TI_auto_init_nobinit_nopinit)
                  0000c2b5    00000029                            : exit.c.obj (.text)
                  0000c2de    00000021     device.obj (.text:Device_initGPIO)
                  0000c2ff    0000001e     driverlib.lib : interrupt.obj (.text:Interrupt_initVectorTable)
                  0000c31d    0000001d     rts2800_fpu64_eabi.lib : memcpy.c.obj (.text)
                  0000c33a    00000019                            : boot28.asm.obj (.text)
                  0000c353    00000017     device.obj (.text:SysCtl_enablePeripheral)
                  0000c36a    00000016     driverlib.lib : interrupt.obj (.text:Interrupt_defaultHandler)
                  0000c380    00000015     device.obj (.text:GPIO_unlockPortConfig)
                  0000c395    00000014     led_ex2_blinky_sysconfig_cpu2.obj (.text:IPC_waitForAck)
                  0000c3a9    00000013     device.obj (.text:Device_enableUnbondedGPIOPullupsFor176Pin)
                  0000c3bc    00000013     led_ex2_blinky_sysconfig_cpu2.obj (.text:IPC_sync)
                  0000c3cf    00000012     led_ex2_blinky_sysconfig_cpu2.obj (.text:IPC_waitForFlag)
                  0000c3e1    00000011     device.obj (.text:Device_enableUnbondedGPIOPullups)
                  0000c3f2    0000000f     led_ex2_blinky_sysconfig_cpu2.obj (.text:IPC_ackFlagRtoL)
                  0000c401    0000000f     led_ex2_blinky_sysconfig_cpu2.obj (.text:IPC_setFlagLtoR)
                  0000c410    0000000f     driverlib.lib : ipc.obj (.text:Interrupt_unregister)
                  0000c41f    0000000e     led_ex2_blinky_sysconfig_cpu2.obj (.text:GPIO_isPinValid)
                  0000c42d    0000000d     driverlib.lib : interrupt.obj (.text:Interrupt_disableGlobal)
                  0000c43a    0000000c     rts2800_fpu64_eabi.lib : args_main.c.obj (.text)
                  0000c446    0000000a     driverlib.lib : interrupt.obj (.text:Interrupt_illegalOperationHandler)
                  0000c450    0000000a                   : interrupt.obj (.text:Interrupt_nmiHandler)
                  0000c45a    00000009     rts2800_fpu64_eabi.lib : _lock.c.obj (.text)
                  0000c463    00000008     F2838x_CodeStartBranch.obj (.text)
                  0000c46b    00000008     device.obj (.text:SysCtl_disableWatchdog)
                  0000c473    00000008     rts2800_fpu64_eabi.lib : copy_decompress_none.c.obj (.text:decompress:none)
                  0000c47b    00000007     device.obj (.text:Device_init)
                  0000c482    00000007     device.obj (.text:__error__)
                  0000c489    00000005     board.obj (.text:Board_init)
                  0000c48e    00000002     rts2800_fpu64_eabi.lib : pre_init.c.obj (.text)
                  0000c490    00000001     board.obj (.text:IPC_SYSCFG_init)
                  0000c491    00000001     rts2800_fpu64_eabi.lib : startup.c.obj (.text)

MODULE SUMMARY

       Module                              code   ro data   rw data
       ------                              ----   -------   -------
    .\
       led_ex2_blinky_sysconfig_cpu2.obj   316    67        264    
    +--+-----------------------------------+------+---------+---------+
       Total:                              316    67        264    
                                                                   
    .\device\
       device.obj                          461    0         0      
       F2838x_CodeStartBranch.obj          10     0         0      
    +--+-----------------------------------+------+---------+---------+
       Total:                              471    0         0      
                                                                   
    .\syscfg\
       board.obj                           6      0         0      
    +--+-----------------------------------+------+---------+---------+
       Total:                              6      0         0      
                                                                   
    C:/ti/c2000/C2000Ware_5_01_00_00/driverlib/f2838x/driverlib/ccs/Debug/driverlib.lib
       ipc.obj                             15     136       544    
       interrupt.obj                       146    0         0      
       sysctl.obj                          4      0         0      
    +--+-----------------------------------+------+---------+---------+
       Total:                              165    136       544    
                                                                   
    C:\ti\ccs1281\ccs\tools\compiler\ti-cgt-c2000_22.6.1.LTS\lib\rts2800_fpu64_eabi.lib
       copy_decompress_lzss.c.obj          48     0         0      
       exit.c.obj                          41     0         6      
       autoinit.c.obj                      43     0         0      
       memcpy.c.obj                        29     0         0      
       boot28.asm.obj                      25     0         0      
       _lock.c.obj                         9      0         4      
       args_main.c.obj                     12     0         0      
       copy_decompress_none.c.obj          8      0         0      
       pre_init.c.obj                      2      0         0      
       startup.c.obj                       1      0         0      
    +--+-----------------------------------+------+---------+---------+
       Total:                              218    0         10     
                                                                   
       Stack:                              0      0         1016   
       Linker Generated:                   0      17        0      
    +--+-----------------------------------+------+---------+---------+
       Grand Total:                        1176   220       1834   


LINKER GENERATED COPY TABLES

__TI_cinit_table @ 000001bc records: 1, size/record: 4, table size: 4
	.data: load addr=000001ae, load size=00000009 bytes, run addr=00009000, run size=00000012 bytes, compression=lzss


LINKER GENERATED HANDLER TABLE

__TI_handler_table @ 000001b8 records: 2, size/record: 2, table size: 4
	index: 0, handler: __TI_decompress_lzss
	index: 1, handler: __TI_decompress_none


GLOBAL DATA SYMBOLS: SORTED BY DATA PAGE

address     data page           name
--------    ----------------    ----
00000400      10 (00000400)     __stack

00009000     240 (00009000)     local_voltage_sum
00009002     240 (00009000)     local_current_sum
00009004     240 (00009000)     filter_samples
00009006     240 (00009000)     process_loop_count
00009008     240 (00009000)     __TI_enable_exit_profile_output
0000900a     240 (00009000)     __TI_cleanup_ptr
0000900c     240 (00009000)     __TI_dtors_ptr
0000900e     240 (00009000)     _lock
00009010     240 (00009000)     _unlock

00009800     260 (00009800)     IPC_Instance

0000d000     340 (0000d000)     raw_sensor_data

0000d040     341 (0000d040)     hsem_regs_gs0

0000e000     380 (0000e000)     processed_data

0000e040     381 (0000e040)     hsem_regs_gs1

00038000     e00 (00038000)     IPC_CPU_To_CM_GetBuffer

00039000     e40 (00039000)     IPC_CPU_To_CM_PutBuffer

0003a000     e80 (0003a000)     IPC_CPU1_To_CPU2_PutBuffer

0003b000     ec0 (0003b000)     IPC_CPU1_To_CPU2_GetBuffer


GLOBAL SYMBOLS: SORTED ALPHABETICALLY BY Name 

page  address   name                                     
----  -------   ----                                     
0     0000c489  Board_init                               
0     0000c2b5  C$$EXIT                                  
0     0000c000  Device_enableAllPeripherals              
0     0000c3e1  Device_enableUnbondedGPIOPullups         
0     0000c3a9  Device_enableUnbondedGPIOPullupsFor176Pin
0     0000c47b  Device_init                              
0     0000c2de  Device_initGPIO                          
0     0003b000  IPC_CPU1_To_CPU2_GetBuffer               
0     0003a000  IPC_CPU1_To_CPU2_PutBuffer               
0     00038000  IPC_CPU_To_CM_GetBuffer                  
0     00039000  IPC_CPU_To_CM_PutBuffer                  
0     00009800  IPC_Instance                             
0     0000c490  IPC_SYSCFG_init                          
0     0000c36a  Interrupt_defaultHandler                 
0     0000c446  Interrupt_illegalOperationHandler        
0     0000c1e2  Interrupt_initModule                     
0     0000c2ff  Interrupt_initVectorTable                
0     0000c450  Interrupt_nmiHandler                     
0     000001a9  SysCtl_delay                             
0     000001bc  __TI_CINIT_Base                          
0     000001c0  __TI_CINIT_Limit                         
0     000001c0  __TI_CINIT_Warm                          
0     000001b8  __TI_Handler_Table_Base                  
0     000001bc  __TI_Handler_Table_Limit                 
0     000007f8  __TI_STACK_END                           
abs   000003f8  __TI_STACK_SIZE                          
0     0000c28a  __TI_auto_init_nobinit_nopinit           
0     0000900a  __TI_cleanup_ptr                         
0     0000c25a  __TI_decompress_lzss                     
0     0000c473  __TI_decompress_none                     
0     0000900c  __TI_dtors_ptr                           
0     00009008  __TI_enable_exit_profile_output          
abs   ffffffff  __TI_pprof_out_hndl                      
abs   ffffffff  __TI_prof_data_size                      
abs   ffffffff  __TI_prof_data_start                     
n/a   UNDEFED   __c_args__                               
0     0000c482  __error__                                
0     00000400  __stack                                  
0     0000c43a  _args_main                               
0     0000c33a  _c_int00                                 
0     0000900e  _lock                                    
0     0000c462  _nop                                     
0     0000c45e  _register_lock                           
0     0000c45a  _register_unlock                         
0     0000c491  _system_post_cinit                       
0     0000c48e  _system_pre_init                         
0     00009010  _unlock                                  
0     0000c2b5  abort                                    
0     00000000  code_start                               
0     0000c2b7  exit                                     
0     00009004  filter_samples                           
0     0000d040  hsem_regs_gs0                            
0     0000e040  hsem_regs_gs1                            
0     00009002  local_current_sum                        
0     00009000  local_voltage_sum                        
0     0000c146  main                                     
0     0000c31d  memcpy                                   
0     00009006  process_loop_count                       
0     0000e000  processed_data                           
0     0000d000  raw_sensor_data                          


GLOBAL SYMBOLS: SORTED BY Symbol Address 

page  address   name                                     
----  -------   ----                                     
0     00000000  code_start                               
0     000001a9  SysCtl_delay                             
0     000001b8  __TI_Handler_Table_Base                  
0     000001bc  __TI_CINIT_Base                          
0     000001bc  __TI_Handler_Table_Limit                 
0     000001c0  __TI_CINIT_Limit                         
0     000001c0  __TI_CINIT_Warm                          
0     00000400  __stack                                  
0     000007f8  __TI_STACK_END                           
0     00009000  local_voltage_sum                        
0     00009002  local_current_sum                        
0     00009004  filter_samples                           
0     00009006  process_loop_count                       
0     00009008  __TI_enable_exit_profile_output          
0     0000900a  __TI_cleanup_ptr                         
0     0000900c  __TI_dtors_ptr                           
0     0000900e  _lock                                    
0     00009010  _unlock                                  
0     00009800  IPC_Instance                             
0     0000c000  Device_enableAllPeripherals              
0     0000c146  main                                     
0     0000c1e2  Interrupt_initModule                     
0     0000c25a  __TI_decompress_lzss                     
0     0000c28a  __TI_auto_init_nobinit_nopinit           
0     0000c2b5  C$$EXIT                                  
0     0000c2b5  abort                                    
0     0000c2b7  exit                                     
0     0000c2de  Device_initGPIO                          
0     0000c2ff  Interrupt_initVectorTable                
0     0000c31d  memcpy                                   
0     0000c33a  _c_int00                                 
0     0000c36a  Interrupt_defaultHandler                 
0     0000c3a9  Device_enableUnbondedGPIOPullupsFor176Pin
0     0000c3e1  Device_enableUnbondedGPIOPullups         
0     0000c43a  _args_main                               
0     0000c446  Interrupt_illegalOperationHandler        
0     0000c450  Interrupt_nmiHandler                     
0     0000c45a  _register_unlock                         
0     0000c45e  _register_lock                           
0     0000c462  _nop                                     
0     0000c473  __TI_decompress_none                     
0     0000c47b  Device_init                              
0     0000c482  __error__                                
0     0000c489  Board_init                               
0     0000c48e  _system_pre_init                         
0     0000c490  IPC_SYSCFG_init                          
0     0000c491  _system_post_cinit                       
0     0000d000  raw_sensor_data                          
0     0000d040  hsem_regs_gs0                            
0     0000e000  processed_data                           
0     0000e040  hsem_regs_gs1                            
0     00038000  IPC_CPU_To_CM_GetBuffer                  
0     00039000  IPC_CPU_To_CM_PutBuffer                  
0     0003a000  IPC_CPU1_To_CPU2_PutBuffer               
0     0003b000  IPC_CPU1_To_CPU2_GetBuffer               
abs   000003f8  __TI_STACK_SIZE                          
abs   ffffffff  __TI_pprof_out_hndl                      
abs   ffffffff  __TI_prof_data_size                      
abs   ffffffff  __TI_prof_data_start                     
n/a   UNDEFED   __c_args__                               

[60 symbols]
